Parallel Configuration Cache is an incubating feature.
Configuration on demand is an incubating feature.
Calculating task graph as no cached configuration is available for tasks: :jablib:test --tests org.jabref.logic.pseudonymization.PseudonymizationTest.pseudonymizeLibrary
> Task :build-logic:checkKotlinGradlePluginConfigurationErrors SKIPPED
> Task :build-logic:generateExternalPluginSpecBuilders UP-TO-DATE
> Task :build-logic:extractPrecompiledScriptPluginPlugins UP-TO-DATE
> Task :build-logic:compilePluginsBlocks UP-TO-DATE
> Task :build-logic:generatePrecompiledScriptPluginAccessors UP-TO-DATE
> Task :build-logic:generateScriptPluginAdapters UP-TO-DATE
> Task :build-logic:compileKotlin UP-TO-DATE
> Task :build-logic:compileJava NO-SOURCE
> Task :build-logic:pluginDescriptors UP-TO-DATE
> Task :build-logic:processResources UP-TO-DATE
> Task :build-logic:classes UP-TO-DATE
> Task :build-logic:jar UP-TO-DATE
> Task :jablib:generateTestGrammarSource NO-SOURCE
> Task :jabls:processResources NO-SOURCE
> Task :jabgui:generateSyntheticModuleInfoFolders UP-TO-DATE
> Task :jablib:generateSyntheticModuleInfoFolders UP-TO-DATE
> Task :jabsrv:processResources UP-TO-DATE
> Task :jablib:generateTestSyntheticModuleInfoFolders UP-TO-DATE
> Task :test-support:processResources NO-SOURCE
> Task :jabsrv:generateSyntheticModuleInfoFolders UP-TO-DATE
> Task :jablib:generateGrammarSource UP-TO-DATE
> Task :jabgui:processResources UP-TO-DATE
> Task :jablib:extractMaintainers UP-TO-DATE
> Task :jablib:generateJournalListMV SKIPPED
> Task :jablib:generateCitationStyleCatalog SKIPPED
> Task :jablib:generateLtwaListMV UP-TO-DATE
> Task :jablib:compileJava UP-TO-DATE
> Task :jablib:processResources UP-TO-DATE
> Task :jablib:classes UP-TO-DATE
> Task :jablib:jar UP-TO-DATE
> Task :test-support:compileJava UP-TO-DATE
> Task :test-support:classes UP-TO-DATE
> Task :jabsrv:compileJava UP-TO-DATE
> Task :jabsrv:classes UP-TO-DATE
> Task :test-support:jar UP-TO-DATE
> Task :jabsrv:jar UP-TO-DATE
> Task :jabls:compileJava UP-TO-DATE
> Task :jabls:classes UP-TO-DATE
> Task :jabls:jar UP-TO-DATE
> Task :jabgui:compileJava UP-TO-DATE
> Task :jabgui:classes UP-TO-DATE
> Task :jabgui:jar UP-TO-DATE
> Task :jablib:compileTestJava UP-TO-DATE
> Task :jablib:processTestResources
> Task :jablib:testClasses
2026-03-12 02:31:03 [Test worker] org.gradle.api.internal.tasks.testing.worker.TestWorker.execute()
INFO: Gradle Test Executor 60 started executing tests.
2026-03-12 02:31:10 [Test worker] org.gradle.api.internal.tasks.testing.worker.TestWorker.execute()
INFO: Gradle Test Executor 60 finished executing tests.

> Task :jablib:test FAILED

PseudonymizationTest > pseudonymizeLibrary() FAILED
    org.opentest4j.AssertionFailedError at PseudonymizationTest.java:118
.\gradlew : 
At line:1 char:1
+ .\gradlew :jablib:test --tests "org.jabref.logic.pseudonymization.Pse ...
+ ~~~~~~~~~~~~~~~~~~~~~~~~~~~~~~~~~~~~~~~~~~~~~~~~~~~~~~~~~~~~~~~~~~~~~
    + CategoryInfo          : NotSpecified: (:String) [], RemoteException
    + FullyQualifiedErrorId : NativeCommandError
 
1 test completed, 1 failed

FAILURE: Build failed with an exception.

* What went wrong:
Execution failed for task ':jablib:test'.
> There were failing tests. See the report at: file:///C:/Users/omkar/jabref/jablib/build/reports/tests/test/index.html

* Try:
> Run with --scan to get full insights from a Build Scan (powered by Develocity).

BUILD FAILED in 27s
32 actionable tasks: 2 executed, 30 up-to-date
Configuration cache entry stored.
